// Jest Snapshot v1, https://goo.gl/fbAQLP

exports[`AllSongs renders  react link 1`] = `
Object {
  "asFragment": [Function],
  "baseElement": <body>
    <div>
      <div
        class="all-songs-container"
      >
        <p
          class="all-songs-text"
        >
          <b>
            all songs
          </b>
          <a
            href="/allgenres"
          >
            <button
              class="toggleIconButton"
              type="button"
            >
              <img
                alt="toggle"
                class="toggleIcon"
                src="data:image/png;base64,iVBORw0KGgoAAAANSUhEUgAAAOEAAADhCAMAAAAJbSJIAAAAMFBMVEX///8AAACVlZXf39/ExMQLCwvk5OSlpaWZmZn29vbe3t7v7++fn5+ioqKRkZHOzs6jB9wbAAAAvklEQVR4nO3dOw6DMABEQUhCQr7c/7ap3SEZvBjNnMCvc7GyhwEAAAAAAAAAAAAA4DzmSw/misKxDxWFU/rsq0wKFR6eQoXHV1OYPvtKFYXXPlQUAgAAAAAAAAAAAC3dkp4tCqOr0XuLwuhGWKFChQoVdlKYDGxTeP47DQAAAAAAAAAAANDS9s82v97pptIOq9FPuqm0w0b4kW4qKVSoME9h/4XbB47fdFNp+z+7fku6CQAAAAAAAAAAAADg2P7Dmhc7T2FttAAAAABJRU5ErkJggg=="
              />
            </button>
          </a>
        </p>
        <div
          class="songs"
        >
          <div
            class="black song-container"
          >
            <div
              class="album-art-container"
            >
              <img
                alt="fav"
                class="album-art"
                src="https://i.scdn.co/image/ab67616d0000b273dc1f496d2a8d75f7fda092b6"
              />
            </div>
            <div
              class="song-card-bottom"
            >
              <div
                class="song-card-bottom-left"
              >
                <p>
                  Aankh Marey (From "Simmba")
                </p>
                <p>
                  Neha Kakkar
                </p>
              </div>
              <button
                class="fav-button"
                type="button"
              >
                <p
                  class="fav-count"
                />
                <img
                  alt="fav"
                  class="fav"
                  src="https://www.materialui.co/materialIcons/action/favorite_grey_192x192.png"
                />
              </button>
            </div>
          </div>
        </div>
      </div>
    </div>
  </body>,
  "container": <div>
    <div
      class="all-songs-container"
    >
      <p
        class="all-songs-text"
      >
        <b>
          all songs
        </b>
        <a
          href="/allgenres"
        >
          <button
            class="toggleIconButton"
            type="button"
          >
            <img
              alt="toggle"
              class="toggleIcon"
              src="data:image/png;base64,iVBORw0KGgoAAAANSUhEUgAAAOEAAADhCAMAAAAJbSJIAAAAMFBMVEX///8AAACVlZXf39/ExMQLCwvk5OSlpaWZmZn29vbe3t7v7++fn5+ioqKRkZHOzs6jB9wbAAAAvklEQVR4nO3dOw6DMABEQUhCQr7c/7ap3SEZvBjNnMCvc7GyhwEAAAAAAAAAAAAA4DzmSw/misKxDxWFU/rsq0wKFR6eQoXHV1OYPvtKFYXXPlQUAgAAAAAAAAAAAC3dkp4tCqOr0XuLwuhGWKFChQoVdlKYDGxTeP47DQAAAAAAAAAAANDS9s82v97pptIOq9FPuqm0w0b4kW4qKVSoME9h/4XbB47fdFNp+z+7fku6CQAAAAAAAAAAAADg2P7Dmhc7T2FttAAAAABJRU5ErkJggg=="
            />
          </button>
        </a>
      </p>
      <div
        class="songs"
      >
        <div
          class="black song-container"
        >
          <div
            class="album-art-container"
          >
            <img
              alt="fav"
              class="album-art"
              src="https://i.scdn.co/image/ab67616d0000b273dc1f496d2a8d75f7fda092b6"
            />
          </div>
          <div
            class="song-card-bottom"
          >
            <div
              class="song-card-bottom-left"
            >
              <p>
                Aankh Marey (From "Simmba")
              </p>
              <p>
                Neha Kakkar
              </p>
            </div>
            <button
              class="fav-button"
              type="button"
            >
              <p
                class="fav-count"
              />
              <img
                alt="fav"
                class="fav"
                src="https://www.materialui.co/materialIcons/action/favorite_grey_192x192.png"
              />
            </button>
          </div>
        </div>
      </div>
    </div>
  </div>,
  "debug": [Function],
  "findAllByAltText": [Function],
  "findAllByDisplayValue": [Function],
  "findAllByLabelText": [Function],
  "findAllByPlaceholderText": [Function],
  "findAllByRole": [Function],
  "findAllByTestId": [Function],
  "findAllByText": [Function],
  "findAllByTitle": [Function],
  "findByAltText": [Function],
  "findByDisplayValue": [Function],
  "findByLabelText": [Function],
  "findByPlaceholderText": [Function],
  "findByRole": [Function],
  "findByTestId": [Function],
  "findByText": [Function],
  "findByTitle": [Function],
  "getAllByAltText": [Function],
  "getAllByDisplayValue": [Function],
  "getAllByLabelText": [Function],
  "getAllByPlaceholderText": [Function],
  "getAllByRole": [Function],
  "getAllByTestId": [Function],
  "getAllByText": [Function],
  "getAllByTitle": [Function],
  "getByAltText": [Function],
  "getByDisplayValue": [Function],
  "getByLabelText": [Function],
  "getByPlaceholderText": [Function],
  "getByRole": [Function],
  "getByTestId": [Function],
  "getByText": [Function],
  "getByTitle": [Function],
  "queryAllByAltText": [Function],
  "queryAllByDisplayValue": [Function],
  "queryAllByLabelText": [Function],
  "queryAllByPlaceholderText": [Function],
  "queryAllByRole": [Function],
  "queryAllByTestId": [Function],
  "queryAllByText": [Function],
  "queryAllByTitle": [Function],
  "queryByAltText": [Function],
  "queryByDisplayValue": [Function],
  "queryByLabelText": [Function],
  "queryByPlaceholderText": [Function],
  "queryByRole": [Function],
  "queryByTestId": [Function],
  "queryByText": [Function],
  "queryByTitle": [Function],
  "rerender": [Function],
  "unmount": [Function],
}
`;
