// Jest Snapshot v1, https://goo.gl/fbAQLP

exports[`AllGenres renders  react link 1`] = `
Object {
  "asFragment": [Function],
  "baseElement": <body>
    <div>
      <div
        class="all-songs-container"
      >
        <h1>
          genres
        </h1>
        <div
          class="genre-container"
        >
          <div
            class="genre-title"
          >
            <img
              alt="genre"
              src="genre-pop.png"
            />
            <button
              class="button"
              type="button"
            >
              <b>
                bollwood
              </b>
            </button>
          </div>
          <div
            class="all-genre-songs"
          >
            <div
              class="black song-container"
            >
              <div
                class="album-art-container"
              >
                <img
                  alt="fav"
                  class="album-art"
                  src="https://i.scdn.co/image/ab67616d0000b273a6c1dea2b83a2309d9e0adc3"
                />
              </div>
              <div
                class="song-card-bottom"
              >
                <div
                  class="song-card-bottom-left"
                >
                  <p>
                    Beautiful Mistakes (feat. Megan Thee Stallion)
                  </p>
                  <p>
                    Maroon 5
                  </p>
                </div>
                <img
                  alt="fav"
                  class="fav"
                  src="https://encrypted-tbn0.gstatic.com/images?q=tbn:ANd9GcRYlLHjRrXnSZtMYz4tylnrrAfSTY5A5EmyRQ&usqp=CAU"
                />
              </div>
            </div>
          </div>
        </div>
      </div>
    </div>
  </body>,
  "container": <div>
    <div
      class="all-songs-container"
    >
      <h1>
        genres
      </h1>
      <div
        class="genre-container"
      >
        <div
          class="genre-title"
        >
          <img
            alt="genre"
            src="genre-pop.png"
          />
          <button
            class="button"
            type="button"
          >
            <b>
              bollwood
            </b>
          </button>
        </div>
        <div
          class="all-genre-songs"
        >
          <div
            class="black song-container"
          >
            <div
              class="album-art-container"
            >
              <img
                alt="fav"
                class="album-art"
                src="https://i.scdn.co/image/ab67616d0000b273a6c1dea2b83a2309d9e0adc3"
              />
            </div>
            <div
              class="song-card-bottom"
            >
              <div
                class="song-card-bottom-left"
              >
                <p>
                  Beautiful Mistakes (feat. Megan Thee Stallion)
                </p>
                <p>
                  Maroon 5
                </p>
              </div>
              <img
                alt="fav"
                class="fav"
                src="https://encrypted-tbn0.gstatic.com/images?q=tbn:ANd9GcRYlLHjRrXnSZtMYz4tylnrrAfSTY5A5EmyRQ&usqp=CAU"
              />
            </div>
          </div>
        </div>
      </div>
    </div>
  </div>,
  "debug": [Function],
  "findAllByAltText": [Function],
  "findAllByDisplayValue": [Function],
  "findAllByLabelText": [Function],
  "findAllByPlaceholderText": [Function],
  "findAllByRole": [Function],
  "findAllByTestId": [Function],
  "findAllByText": [Function],
  "findAllByTitle": [Function],
  "findByAltText": [Function],
  "findByDisplayValue": [Function],
  "findByLabelText": [Function],
  "findByPlaceholderText": [Function],
  "findByRole": [Function],
  "findByTestId": [Function],
  "findByText": [Function],
  "findByTitle": [Function],
  "getAllByAltText": [Function],
  "getAllByDisplayValue": [Function],
  "getAllByLabelText": [Function],
  "getAllByPlaceholderText": [Function],
  "getAllByRole": [Function],
  "getAllByTestId": [Function],
  "getAllByText": [Function],
  "getAllByTitle": [Function],
  "getByAltText": [Function],
  "getByDisplayValue": [Function],
  "getByLabelText": [Function],
  "getByPlaceholderText": [Function],
  "getByRole": [Function],
  "getByTestId": [Function],
  "getByText": [Function],
  "getByTitle": [Function],
  "queryAllByAltText": [Function],
  "queryAllByDisplayValue": [Function],
  "queryAllByLabelText": [Function],
  "queryAllByPlaceholderText": [Function],
  "queryAllByRole": [Function],
  "queryAllByTestId": [Function],
  "queryAllByText": [Function],
  "queryAllByTitle": [Function],
  "queryByAltText": [Function],
  "queryByDisplayValue": [Function],
  "queryByLabelText": [Function],
  "queryByPlaceholderText": [Function],
  "queryByRole": [Function],
  "queryByTestId": [Function],
  "queryByText": [Function],
  "queryByTitle": [Function],
  "rerender": [Function],
  "unmount": [Function],
}
`;
